=== RUN   TestDecodeImageXObject_SMask
    image_decoding_test.go:48: At(0,0): Expected Alpha 0, got 65535
    image_decoding_test.go:57: At(1,0): Expected Alpha approx 32896, got 65535
    image_decoding_test.go:72: Pix(0,0) Alpha: expected 0, got 255
    image_decoding_test.go:78: Pix(1,0) Alpha: expected 128, got 255
--- FAIL: TestDecodeImageXObject_SMask (0.00s)
=== RUN   TestDecodeImageXObject_Indexed
--- PASS: TestDecodeImageXObject_Indexed (0.00s)
=== RUN   TestDecodeImageXObject_ICCBased_CMYK
--- PASS: TestDecodeImageXObject_ICCBased_CMYK (0.00s)
=== RUN   TestDecodeImageXObject_DeviceCMYK_Conversion
--- PASS: TestDecodeImageXObject_DeviceCMYK_Conversion (0.00s)
FAIL
FAIL	github.com/novvoo/go-pdf/pkg/gopdf	0.050s
FAIL
